exports[`ConversationRow renders correctly 1`] = `
<tr
  id={1}
  onClick={[Function]}>
  <td>
    123
  </td>
  <td>
    April 13th 2017 12:00
  </td>
  <td>
    02:00
  </td>
  <td>
    label1 label2
  </td>
  <td>
    OAuthException
  </td>
</tr>
`;
