exports[`Loading renders correctly 1`] = `
<div
  className="container-fluid">
  <h2>
    Loading...
  </h2>
</div>
`;
